INFO 2026-05-26 22:18:25,803 autoreload 16304 9364 Watching for file changes with StatReloader
INFO 2026-05-26 22:33:20,402 autoreload 7292 21880 Watching for file changes with StatReloader
WARNING 2026-05-26 22:33:53,472 log 7292 22520 Not Found: /
WARNING 2026-05-26 22:33:53,472 log 7292 22520 "GET / HTTP/1.1" 404 3129
WARNING 2026-05-26 22:33:53,522 log 7292 22520 Not Found: /favicon.ico
WARNING 2026-05-26 22:33:53,523 log 7292 22520 "GET /favicon.ico HTTP/1.1" 404 3180
INFO 2026-05-26 22:34:41,574 log 7292 22520 "GET /admin/ HTTP/1.1" 302 0
INFO 2026-05-26 22:34:41,716 log 7292 22520 "GET /admin/login/?next=/admin/ HTTP/1.1" 200 4080
INFO 2026-05-26 22:34:41,915 log 7292 22520 "GET /static/admin/css/base.css HTTP/1.1" 200 23100
INFO 2026-05-26 22:34:41,931 log 7292 16968 "GET /static/admin/css/login.css HTTP/1.1" 200 951
INFO 2026-05-26 22:34:41,931 log 7292 19008 "GET /static/admin/css/responsive.css HTTP/1.1" 200 16273
INFO 2026-05-26 22:34:41,935 log 7292 6676 "GET /static/admin/css/nav_sidebar.css HTTP/1.1" 200 2810
INFO 2026-05-26 22:34:41,935 log 7292 8020 "GET /static/admin/css/dark_mode.css HTTP/1.1" 200 3538
INFO 2026-05-26 22:34:41,953 log 7292 2864 "GET /static/admin/js/theme.js HTTP/1.1" 200 1653
INFO 2026-05-26 22:34:41,962 log 7292 8020 "GET /static/admin/js/nav_sidebar.js HTTP/1.1" 200 3063
INFO 2026-05-26 22:34:58,949 log 7292 8020 "GET /admin/login/?next=/admin/ HTTP/1.1" 200 4080
WARNING 2026-05-26 22:35:19,634 log 7292 8020 Unauthorized: /api/users/
WARNING 2026-05-26 22:35:19,634 log 7292 8020 "GET /api/users/ HTTP/1.1" 401 138
WARNING 2026-05-26 22:35:31,425 log 7292 8020 Unauthorized: /api/users/
WARNING 2026-05-26 22:35:31,426 log 7292 8020 "GET /api/users/ HTTP/1.1" 401 138
WARNING 2026-05-26 22:35:44,055 log 7292 8020 Unauthorized: /api/projects/
WARNING 2026-05-26 22:35:44,055 log 7292 8020 "GET /api/projects/ HTTP/1.1" 401 138
WARNING 2026-05-26 22:35:59,307 log 7292 8020 Not Found: /api/conversations/
WARNING 2026-05-26 22:35:59,308 log 7292 8020 "GET /api/conversations/ HTTP/1.1" 404 5448
WARNING 2026-05-26 22:36:32,355 log 7292 8020 Not Found: /api/moderation
WARNING 2026-05-26 22:36:32,356 log 7292 8020 "GET /api/moderation HTTP/1.1" 404 3189
WARNING 2026-05-26 22:36:53,728 log 7292 8020 Not Found: /api/moderation/
WARNING 2026-05-26 22:36:53,729 log 7292 8020 "GET /api/moderation/ HTTP/1.1" 404 5400
WARNING 2026-05-26 22:39:25,644 log 7292 8020 Not Found: /api/
WARNING 2026-05-26 22:39:25,645 log 7292 8020 "GET /api/ HTTP/1.1" 404 3159
WARNING 2026-05-26 22:44:29,027 log 7292 21760 Bad Request: /api/users/auth/register/
WARNING 2026-05-26 22:44:29,040 log 7292 21760 "POST /api/users/auth/register/ HTTP/1.1" 400 87
ERROR 2026-05-26 22:47:30,719 log 7292 2816 Internal Server Error: /api/users/auth/register/
Traceback (most recent call last):
  File "C:\Ashish Jha\ashish-jha-github\ConversationAI\venv\Lib\site-packages\django\db\backends\utils.py", line 105, in _execute
    return self.cursor.execute(sql, params)
           ^^^^^^^^^^^^^^^^^^^^^^^^^^^^^^^^
  File "C:\Ashish Jha\ashish-jha-github\ConversationAI\venv\Lib\site-packages\django\db\backends\sqlite3\base.py", line 359, in execute
    return super().execute(query, params)
           ^^^^^^^^^^^^^^^^^^^^^^^^^^^^^^
sqlite3.IntegrityError: UNIQUE constraint failed: user_profile.user_id

The above exception was the direct cause of the following exception:

Traceback (most recent call last):
  File "C:\Ashish Jha\ashish-jha-github\ConversationAI\venv\Lib\site-packages\django\core\handlers\exception.py", line 55, in inner
    response = get_response(request)
               ^^^^^^^^^^^^^^^^^^^^^
  File "C:\Ashish Jha\ashish-jha-github\ConversationAI\venv\Lib\site-packages\django\core\handlers\base.py", line 198, in _get_response
    response = wrapped_callback(request, *callback_args, **callback_kwargs)
               ^^^^^^^^^^^^^^^^^^^^^^^^^^^^^^^^^^^^^^^^^^^^^^^^^^^^^^^^^^^^
  File "C:\Ashish Jha\ashish-jha-github\ConversationAI\venv\Lib\site-packages\django\views\decorators\csrf.py", line 65, in _view_wrapper
    return view_func(request, *args, **kwargs)
           ^^^^^^^^^^^^^^^^^^^^^^^^^^^^^^^^^^^
  File "C:\Ashish Jha\ashish-jha-github\ConversationAI\venv\Lib\site-packages\rest_framework\viewsets.py", line 125, in view
    return self.dispatch(request, *args, **kwargs)
           ^^^^^^^^^^^^^^^^^^^^^^^^^^^^^^^^^^^^^^^
  File "C:\Ashish Jha\ashish-jha-github\ConversationAI\venv\Lib\site-packages\rest_framework\views.py", line 509, in dispatch
    response = self.handle_exception(exc)
               ^^^^^^^^^^^^^^^^^^^^^^^^^^
  File "C:\Ashish Jha\ashish-jha-github\ConversationAI\venv\Lib\site-packages\rest_framework\views.py", line 469, in handle_exception
    self.raise_uncaught_exception(exc)
  File "C:\Ashish Jha\ashish-jha-github\ConversationAI\venv\Lib\site-packages\rest_framework\views.py", line 480, in raise_uncaught_exception
    raise exc
  File "C:\Ashish Jha\ashish-jha-github\ConversationAI\venv\Lib\site-packages\rest_framework\views.py", line 506, in dispatch
    response = handler(request, *args, **kwargs)
               ^^^^^^^^^^^^^^^^^^^^^^^^^^^^^^^^^
  File "C:\Ashish Jha\ashish-jha-github\ConversationAI\AIAssistance\apps\users\views.py", line 24, in register
    user = serializer.save()
           ^^^^^^^^^^^^^^^^^
  File "C:\Ashish Jha\ashish-jha-github\ConversationAI\venv\Lib\site-packages\rest_framework\serializers.py", line 212, in save
    self.instance = self.create(validated_data)
                    ^^^^^^^^^^^^^^^^^^^^^^^^^^^
  File "C:\Ashish Jha\ashish-jha-github\ConversationAI\AIAssistance\apps\users\serializers.py", line 43, in create
    UserProfile.objects.create(user=user)
  File "C:\Ashish Jha\ashish-jha-github\ConversationAI\venv\Lib\site-packages\django\db\models\manager.py", line 87, in manager_method
    return getattr(self.get_queryset(), name)(*args, **kwargs)
           ^^^^^^^^^^^^^^^^^^^^^^^^^^^^^^^^^^^^^^^^^^^^^^^^^^^
  File "C:\Ashish Jha\ashish-jha-github\ConversationAI\venv\Lib\site-packages\django\db\models\query.py", line 669, in create
    obj.save(force_insert=True, using=self.db)
  File "C:\Ashish Jha\ashish-jha-github\ConversationAI\venv\Lib\site-packages\django\db\models\base.py", line 874, in save
    self.save_base(
  File "C:\Ashish Jha\ashish-jha-github\ConversationAI\venv\Lib\site-packages\django\db\models\base.py", line 966, in save_base
    updated = self._save_table(
              ^^^^^^^^^^^^^^^^^
  File "C:\Ashish Jha\ashish-jha-github\ConversationAI\venv\Lib\site-packages\django\db\models\base.py", line 1169, in _save_table
    results = self._do_insert(
              ^^^^^^^^^^^^^^^^
  File "C:\Ashish Jha\ashish-jha-github\ConversationAI\venv\Lib\site-packages\django\db\models\base.py", line 1220, in _do_insert
    return manager._insert(
           ^^^^^^^^^^^^^^^^
  File "C:\Ashish Jha\ashish-jha-github\ConversationAI\venv\Lib\site-packages\django\db\models\manager.py", line 87, in manager_method
    return getattr(self.get_queryset(), name)(*args, **kwargs)
           ^^^^^^^^^^^^^^^^^^^^^^^^^^^^^^^^^^^^^^^^^^^^^^^^^^^
  File "C:\Ashish Jha\ashish-jha-github\ConversationAI\venv\Lib\site-packages\django\db\models\query.py", line 1918, in _insert
    return query.get_compiler(using=using).execute_sql(returning_fields)
           ^^^^^^^^^^^^^^^^^^^^^^^^^^^^^^^^^^^^^^^^^^^^^^^^^^^^^^^^^^^^^
  File "C:\Ashish Jha\ashish-jha-github\ConversationAI\venv\Lib\site-packages\django\db\models\sql\compiler.py", line 1925, in execute_sql
    cursor.execute(sql, params)
  File "C:\Ashish Jha\ashish-jha-github\ConversationAI\venv\Lib\site-packages\django\db\backends\utils.py", line 122, in execute
    return super().execute(sql, params)
           ^^^^^^^^^^^^^^^^^^^^^^^^^^^^
  File "C:\Ashish Jha\ashish-jha-github\ConversationAI\venv\Lib\site-packages\django\db\backends\utils.py", line 79, in execute
    return self._execute_with_wrappers(
           ^^^^^^^^^^^^^^^^^^^^^^^^^^^^
  File "C:\Ashish Jha\ashish-jha-github\ConversationAI\venv\Lib\site-packages\django\db\backends\utils.py", line 92, in _execute_with_wrappers
    return executor(sql, params, many, context)
           ^^^^^^^^^^^^^^^^^^^^^^^^^^^^^^^^^^^^
  File "C:\Ashish Jha\ashish-jha-github\ConversationAI\venv\Lib\site-packages\django\db\backends\utils.py", line 100, in _execute
    with self.db.wrap_database_errors:
  File "C:\Ashish Jha\ashish-jha-github\ConversationAI\venv\Lib\site-packages\django\db\utils.py", line 94, in __exit__
    raise dj_exc_value.with_traceback(traceback) from exc_value
  File "C:\Ashish Jha\ashish-jha-github\ConversationAI\venv\Lib\site-packages\django\db\backends\utils.py", line 105, in _execute
    return self.cursor.execute(sql, params)
           ^^^^^^^^^^^^^^^^^^^^^^^^^^^^^^^^
  File "C:\Ashish Jha\ashish-jha-github\ConversationAI\venv\Lib\site-packages\django\db\backends\sqlite3\base.py", line 359, in execute
    return super().execute(query, params)
           ^^^^^^^^^^^^^^^^^^^^^^^^^^^^^^
django.db.utils.IntegrityError: UNIQUE constraint failed: user_profile.user_id
ERROR 2026-05-26 22:47:30,721 log 7292 2816 "POST /api/users/auth/register/ HTTP/1.1" 500 204072
ERROR 2026-05-26 22:49:01,709 log 7292 5320 Internal Server Error: /api/users/auth/register/
Traceback (most recent call last):
  File "C:\Ashish Jha\ashish-jha-github\ConversationAI\venv\Lib\site-packages\django\db\backends\utils.py", line 105, in _execute
    return self.cursor.execute(sql, params)
           ^^^^^^^^^^^^^^^^^^^^^^^^^^^^^^^^
  File "C:\Ashish Jha\ashish-jha-github\ConversationAI\venv\Lib\site-packages\django\db\backends\sqlite3\base.py", line 359, in execute
    return super().execute(query, params)
           ^^^^^^^^^^^^^^^^^^^^^^^^^^^^^^
sqlite3.IntegrityError: UNIQUE constraint failed: users_user.username

The above exception was the direct cause of the following exception:

Traceback (most recent call last):
  File "C:\Ashish Jha\ashish-jha-github\ConversationAI\venv\Lib\site-packages\django\core\handlers\exception.py", line 55, in inner
    response = get_response(request)
               ^^^^^^^^^^^^^^^^^^^^^
  File "C:\Ashish Jha\ashish-jha-github\ConversationAI\venv\Lib\site-packages\django\core\handlers\base.py", line 198, in _get_response
    response = wrapped_callback(request, *callback_args, **callback_kwargs)
               ^^^^^^^^^^^^^^^^^^^^^^^^^^^^^^^^^^^^^^^^^^^^^^^^^^^^^^^^^^^^
  File "C:\Ashish Jha\ashish-jha-github\ConversationAI\venv\Lib\site-packages\django\views\decorators\csrf.py", line 65, in _view_wrapper
    return view_func(request, *args, **kwargs)
           ^^^^^^^^^^^^^^^^^^^^^^^^^^^^^^^^^^^
  File "C:\Ashish Jha\ashish-jha-github\ConversationAI\venv\Lib\site-packages\rest_framework\viewsets.py", line 125, in view
    return self.dispatch(request, *args, **kwargs)
           ^^^^^^^^^^^^^^^^^^^^^^^^^^^^^^^^^^^^^^^
  File "C:\Ashish Jha\ashish-jha-github\ConversationAI\venv\Lib\site-packages\rest_framework\views.py", line 509, in dispatch
    response = self.handle_exception(exc)
               ^^^^^^^^^^^^^^^^^^^^^^^^^^
  File "C:\Ashish Jha\ashish-jha-github\ConversationAI\venv\Lib\site-packages\rest_framework\views.py", line 469, in handle_exception
    self.raise_uncaught_exception(exc)
  File "C:\Ashish Jha\ashish-jha-github\ConversationAI\venv\Lib\site-packages\rest_framework\views.py", line 480, in raise_uncaught_exception
    raise exc
  File "C:\Ashish Jha\ashish-jha-github\ConversationAI\venv\Lib\site-packages\rest_framework\views.py", line 506, in dispatch
    response = handler(request, *args, **kwargs)
               ^^^^^^^^^^^^^^^^^^^^^^^^^^^^^^^^^
  File "C:\Ashish Jha\ashish-jha-github\ConversationAI\AIAssistance\apps\users\views.py", line 24, in register
    user = serializer.save()
           ^^^^^^^^^^^^^^^^^
  File "C:\Ashish Jha\ashish-jha-github\ConversationAI\venv\Lib\site-packages\rest_framework\serializers.py", line 212, in save
    self.instance = self.create(validated_data)
                    ^^^^^^^^^^^^^^^^^^^^^^^^^^^
  File "C:\Ashish Jha\ashish-jha-github\ConversationAI\AIAssistance\apps\users\serializers.py", line 31, in create
    user = User.objects.create_user(
           ^^^^^^^^^^^^^^^^^^^^^^^^^
  File "C:\Ashish Jha\ashish-jha-github\ConversationAI\venv\Lib\site-packages\django\contrib\auth\models.py", line 175, in create_user
    return self._create_user(username, email, password, **extra_fields)
           ^^^^^^^^^^^^^^^^^^^^^^^^^^^^^^^^^^^^^^^^^^^^^^^^^^^^^^^^^^^^
  File "C:\Ashish Jha\ashish-jha-github\ConversationAI\venv\Lib\site-packages\django\contrib\auth\models.py", line 163, in _create_user
    user.save(using=self._db)
  File "C:\Ashish Jha\ashish-jha-github\ConversationAI\venv\Lib\site-packages\django\contrib\auth\base_user.py", line 62, in save
    super().save(**kwargs)
  File "C:\Ashish Jha\ashish-jha-github\ConversationAI\venv\Lib\site-packages\django\db\models\base.py", line 874, in save
    self.save_base(
  File "C:\Ashish Jha\ashish-jha-github\ConversationAI\venv\Lib\site-packages\django\db\models\base.py", line 966, in save_base
    updated = self._save_table(
              ^^^^^^^^^^^^^^^^^
  File "C:\Ashish Jha\ashish-jha-github\ConversationAI\venv\Lib\site-packages\django\db\models\base.py", line 1169, in _save_table
    results = self._do_insert(
              ^^^^^^^^^^^^^^^^
  File "C:\Ashish Jha\ashish-jha-github\ConversationAI\venv\Lib\site-packages\django\db\models\base.py", line 1220, in _do_insert
    return manager._insert(
           ^^^^^^^^^^^^^^^^
  File "C:\Ashish Jha\ashish-jha-github\ConversationAI\venv\Lib\site-packages\django\db\models\manager.py", line 87, in manager_method
    return getattr(self.get_queryset(), name)(*args, **kwargs)
           ^^^^^^^^^^^^^^^^^^^^^^^^^^^^^^^^^^^^^^^^^^^^^^^^^^^
  File "C:\Ashish Jha\ashish-jha-github\ConversationAI\venv\Lib\site-packages\django\db\models\query.py", line 1918, in _insert
    return query.get_compiler(using=using).execute_sql(returning_fields)
           ^^^^^^^^^^^^^^^^^^^^^^^^^^^^^^^^^^^^^^^^^^^^^^^^^^^^^^^^^^^^^
  File "C:\Ashish Jha\ashish-jha-github\ConversationAI\venv\Lib\site-packages\django\db\models\sql\compiler.py", line 1925, in execute_sql
    cursor.execute(sql, params)
  File "C:\Ashish Jha\ashish-jha-github\ConversationAI\venv\Lib\site-packages\django\db\backends\utils.py", line 122, in execute
    return super().execute(sql, params)
           ^^^^^^^^^^^^^^^^^^^^^^^^^^^^
  File "C:\Ashish Jha\ashish-jha-github\ConversationAI\venv\Lib\site-packages\django\db\backends\utils.py", line 79, in execute
    return self._execute_with_wrappers(
           ^^^^^^^^^^^^^^^^^^^^^^^^^^^^
  File "C:\Ashish Jha\ashish-jha-github\ConversationAI\venv\Lib\site-packages\django\db\backends\utils.py", line 92, in _execute_with_wrappers
    return executor(sql, params, many, context)
           ^^^^^^^^^^^^^^^^^^^^^^^^^^^^^^^^^^^^
  File "C:\Ashish Jha\ashish-jha-github\ConversationAI\venv\Lib\site-packages\django\db\backends\utils.py", line 100, in _execute
    with self.db.wrap_database_errors:
  File "C:\Ashish Jha\ashish-jha-github\ConversationAI\venv\Lib\site-packages\django\db\utils.py", line 94, in __exit__
    raise dj_exc_value.with_traceback(traceback) from exc_value
  File "C:\Ashish Jha\ashish-jha-github\ConversationAI\venv\Lib\site-packages\django\db\backends\utils.py", line 105, in _execute
    return self.cursor.execute(sql, params)
           ^^^^^^^^^^^^^^^^^^^^^^^^^^^^^^^^
  File "C:\Ashish Jha\ashish-jha-github\ConversationAI\venv\Lib\site-packages\django\db\backends\sqlite3\base.py", line 359, in execute
    return super().execute(query, params)
           ^^^^^^^^^^^^^^^^^^^^^^^^^^^^^^
django.db.utils.IntegrityError: UNIQUE constraint failed: users_user.username
ERROR 2026-05-26 22:49:01,709 log 7292 5320 "POST /api/users/auth/register/ HTTP/1.1" 500 215013
ERROR 2026-05-26 22:50:44,614 log 7292 22564 Internal Server Error: /api/users/auth/register/
Traceback (most recent call last):
  File "C:\Ashish Jha\ashish-jha-github\ConversationAI\venv\Lib\site-packages\django\db\backends\utils.py", line 105, in _execute
    return self.cursor.execute(sql, params)
           ^^^^^^^^^^^^^^^^^^^^^^^^^^^^^^^^
  File "C:\Ashish Jha\ashish-jha-github\ConversationAI\venv\Lib\site-packages\django\db\backends\sqlite3\base.py", line 359, in execute
    return super().execute(query, params)
           ^^^^^^^^^^^^^^^^^^^^^^^^^^^^^^
sqlite3.IntegrityError: UNIQUE constraint failed: user_profile.user_id

The above exception was the direct cause of the following exception:

Traceback (most recent call last):
  File "C:\Ashish Jha\ashish-jha-github\ConversationAI\venv\Lib\site-packages\django\core\handlers\exception.py", line 55, in inner
    response = get_response(request)
               ^^^^^^^^^^^^^^^^^^^^^
  File "C:\Ashish Jha\ashish-jha-github\ConversationAI\venv\Lib\site-packages\django\core\handlers\base.py", line 198, in _get_response
    response = wrapped_callback(request, *callback_args, **callback_kwargs)
               ^^^^^^^^^^^^^^^^^^^^^^^^^^^^^^^^^^^^^^^^^^^^^^^^^^^^^^^^^^^^
  File "C:\Ashish Jha\ashish-jha-github\ConversationAI\venv\Lib\site-packages\django\views\decorators\csrf.py", line 65, in _view_wrapper
    return view_func(request, *args, **kwargs)
           ^^^^^^^^^^^^^^^^^^^^^^^^^^^^^^^^^^^
  File "C:\Ashish Jha\ashish-jha-github\ConversationAI\venv\Lib\site-packages\rest_framework\viewsets.py", line 125, in view
    return self.dispatch(request, *args, **kwargs)
           ^^^^^^^^^^^^^^^^^^^^^^^^^^^^^^^^^^^^^^^
  File "C:\Ashish Jha\ashish-jha-github\ConversationAI\venv\Lib\site-packages\rest_framework\views.py", line 509, in dispatch
    response = self.handle_exception(exc)
               ^^^^^^^^^^^^^^^^^^^^^^^^^^
  File "C:\Ashish Jha\ashish-jha-github\ConversationAI\venv\Lib\site-packages\rest_framework\views.py", line 469, in handle_exception
    self.raise_uncaught_exception(exc)
  File "C:\Ashish Jha\ashish-jha-github\ConversationAI\venv\Lib\site-packages\rest_framework\views.py", line 480, in raise_uncaught_exception
    raise exc
  File "C:\Ashish Jha\ashish-jha-github\ConversationAI\venv\Lib\site-packages\rest_framework\views.py", line 506, in dispatch
    response = handler(request, *args, **kwargs)
               ^^^^^^^^^^^^^^^^^^^^^^^^^^^^^^^^^
  File "C:\Ashish Jha\ashish-jha-github\ConversationAI\AIAssistance\apps\users\views.py", line 24, in register
    user = serializer.save()
           ^^^^^^^^^^^^^^^^^
  File "C:\Ashish Jha\ashish-jha-github\ConversationAI\venv\Lib\site-packages\rest_framework\serializers.py", line 212, in save
    self.instance = self.create(validated_data)
                    ^^^^^^^^^^^^^^^^^^^^^^^^^^^
  File "C:\Ashish Jha\ashish-jha-github\ConversationAI\AIAssistance\apps\users\serializers.py", line 43, in create
    UserProfile.objects.create(user=user)
  File "C:\Ashish Jha\ashish-jha-github\ConversationAI\venv\Lib\site-packages\django\db\models\manager.py", line 87, in manager_method
    return getattr(self.get_queryset(), name)(*args, **kwargs)
           ^^^^^^^^^^^^^^^^^^^^^^^^^^^^^^^^^^^^^^^^^^^^^^^^^^^
  File "C:\Ashish Jha\ashish-jha-github\ConversationAI\venv\Lib\site-packages\django\db\models\query.py", line 669, in create
    obj.save(force_insert=True, using=self.db)
  File "C:\Ashish Jha\ashish-jha-github\ConversationAI\venv\Lib\site-packages\django\db\models\base.py", line 874, in save
    self.save_base(
  File "C:\Ashish Jha\ashish-jha-github\ConversationAI\venv\Lib\site-packages\django\db\models\base.py", line 966, in save_base
    updated = self._save_table(
              ^^^^^^^^^^^^^^^^^
  File "C:\Ashish Jha\ashish-jha-github\ConversationAI\venv\Lib\site-packages\django\db\models\base.py", line 1169, in _save_table
    results = self._do_insert(
              ^^^^^^^^^^^^^^^^
  File "C:\Ashish Jha\ashish-jha-github\ConversationAI\venv\Lib\site-packages\django\db\models\base.py", line 1220, in _do_insert
    return manager._insert(
           ^^^^^^^^^^^^^^^^
  File "C:\Ashish Jha\ashish-jha-github\ConversationAI\venv\Lib\site-packages\django\db\models\manager.py", line 87, in manager_method
    return getattr(self.get_queryset(), name)(*args, **kwargs)
           ^^^^^^^^^^^^^^^^^^^^^^^^^^^^^^^^^^^^^^^^^^^^^^^^^^^
  File "C:\Ashish Jha\ashish-jha-github\ConversationAI\venv\Lib\site-packages\django\db\models\query.py", line 1918, in _insert
    return query.get_compiler(using=using).execute_sql(returning_fields)
           ^^^^^^^^^^^^^^^^^^^^^^^^^^^^^^^^^^^^^^^^^^^^^^^^^^^^^^^^^^^^^
  File "C:\Ashish Jha\ashish-jha-github\ConversationAI\venv\Lib\site-packages\django\db\models\sql\compiler.py", line 1925, in execute_sql
    cursor.execute(sql, params)
  File "C:\Ashish Jha\ashish-jha-github\ConversationAI\venv\Lib\site-packages\django\db\backends\utils.py", line 122, in execute
    return super().execute(sql, params)
           ^^^^^^^^^^^^^^^^^^^^^^^^^^^^
  File "C:\Ashish Jha\ashish-jha-github\ConversationAI\venv\Lib\site-packages\django\db\backends\utils.py", line 79, in execute
    return self._execute_with_wrappers(
           ^^^^^^^^^^^^^^^^^^^^^^^^^^^^
  File "C:\Ashish Jha\ashish-jha-github\ConversationAI\venv\Lib\site-packages\django\db\backends\utils.py", line 92, in _execute_with_wrappers
    return executor(sql, params, many, context)
           ^^^^^^^^^^^^^^^^^^^^^^^^^^^^^^^^^^^^
  File "C:\Ashish Jha\ashish-jha-github\ConversationAI\venv\Lib\site-packages\django\db\backends\utils.py", line 100, in _execute
    with self.db.wrap_database_errors:
  File "C:\Ashish Jha\ashish-jha-github\ConversationAI\venv\Lib\site-packages\django\db\utils.py", line 94, in __exit__
    raise dj_exc_value.with_traceback(traceback) from exc_value
  File "C:\Ashish Jha\ashish-jha-github\ConversationAI\venv\Lib\site-packages\django\db\backends\utils.py", line 105, in _execute
    return self.cursor.execute(sql, params)
           ^^^^^^^^^^^^^^^^^^^^^^^^^^^^^^^^
  File "C:\Ashish Jha\ashish-jha-github\ConversationAI\venv\Lib\site-packages\django\db\backends\sqlite3\base.py", line 359, in execute
    return super().execute(query, params)
           ^^^^^^^^^^^^^^^^^^^^^^^^^^^^^^
django.db.utils.IntegrityError: UNIQUE constraint failed: user_profile.user_id
ERROR 2026-05-26 22:50:44,614 log 7292 22564 "POST /api/users/auth/register/ HTTP/1.1" 500 204176
INFO 2026-05-26 22:53:19,956 log 7292 2716 "POST /api/users/auth/login/ HTTP/1.1" 200 745
INFO 2026-05-26 22:53:55,389 log 7292 2716 "POST /api/users/auth/login/ HTTP/1.1" 200 745
INFO 2026-05-26 22:54:31,630 log 7292 2716 "POST /api/users/auth/login/ HTTP/1.1" 200 745
ERROR 2026-05-26 22:54:53,666 log 7292 2716 Internal Server Error: /api/users/auth/register/
Traceback (most recent call last):
  File "C:\Ashish Jha\ashish-jha-github\ConversationAI\venv\Lib\site-packages\django\db\backends\utils.py", line 105, in _execute
    return self.cursor.execute(sql, params)
           ^^^^^^^^^^^^^^^^^^^^^^^^^^^^^^^^
  File "C:\Ashish Jha\ashish-jha-github\ConversationAI\venv\Lib\site-packages\django\db\backends\sqlite3\base.py", line 359, in execute
    return super().execute(query, params)
           ^^^^^^^^^^^^^^^^^^^^^^^^^^^^^^
sqlite3.IntegrityError: UNIQUE constraint failed: users_user.username

The above exception was the direct cause of the following exception:

Traceback (most recent call last):
  File "C:\Ashish Jha\ashish-jha-github\ConversationAI\venv\Lib\site-packages\django\core\handlers\exception.py", line 55, in inner
    response = get_response(request)
               ^^^^^^^^^^^^^^^^^^^^^
  File "C:\Ashish Jha\ashish-jha-github\ConversationAI\venv\Lib\site-packages\django\core\handlers\base.py", line 198, in _get_response
    response = wrapped_callback(request, *callback_args, **callback_kwargs)
               ^^^^^^^^^^^^^^^^^^^^^^^^^^^^^^^^^^^^^^^^^^^^^^^^^^^^^^^^^^^^
  File "C:\Ashish Jha\ashish-jha-github\ConversationAI\venv\Lib\site-packages\django\views\decorators\csrf.py", line 65, in _view_wrapper
    return view_func(request, *args, **kwargs)
           ^^^^^^^^^^^^^^^^^^^^^^^^^^^^^^^^^^^
  File "C:\Ashish Jha\ashish-jha-github\ConversationAI\venv\Lib\site-packages\rest_framework\viewsets.py", line 125, in view
    return self.dispatch(request, *args, **kwargs)
           ^^^^^^^^^^^^^^^^^^^^^^^^^^^^^^^^^^^^^^^
  File "C:\Ashish Jha\ashish-jha-github\ConversationAI\venv\Lib\site-packages\rest_framework\views.py", line 509, in dispatch
    response = self.handle_exception(exc)
               ^^^^^^^^^^^^^^^^^^^^^^^^^^
  File "C:\Ashish Jha\ashish-jha-github\ConversationAI\venv\Lib\site-packages\rest_framework\views.py", line 469, in handle_exception
    self.raise_uncaught_exception(exc)
  File "C:\Ashish Jha\ashish-jha-github\ConversationAI\venv\Lib\site-packages\rest_framework\views.py", line 480, in raise_uncaught_exception
    raise exc
  File "C:\Ashish Jha\ashish-jha-github\ConversationAI\venv\Lib\site-packages\rest_framework\views.py", line 506, in dispatch
    response = handler(request, *args, **kwargs)
               ^^^^^^^^^^^^^^^^^^^^^^^^^^^^^^^^^
  File "C:\Ashish Jha\ashish-jha-github\ConversationAI\AIAssistance\apps\users\views.py", line 24, in register
    user = serializer.save()
           ^^^^^^^^^^^^^^^^^
  File "C:\Ashish Jha\ashish-jha-github\ConversationAI\venv\Lib\site-packages\rest_framework\serializers.py", line 212, in save
    self.instance = self.create(validated_data)
                    ^^^^^^^^^^^^^^^^^^^^^^^^^^^
  File "C:\Ashish Jha\ashish-jha-github\ConversationAI\AIAssistance\apps\users\serializers.py", line 31, in create
    user = User.objects.create_user(
           ^^^^^^^^^^^^^^^^^^^^^^^^^
  File "C:\Ashish Jha\ashish-jha-github\ConversationAI\venv\Lib\site-packages\django\contrib\auth\models.py", line 175, in create_user
    return self._create_user(username, email, password, **extra_fields)
           ^^^^^^^^^^^^^^^^^^^^^^^^^^^^^^^^^^^^^^^^^^^^^^^^^^^^^^^^^^^^
  File "C:\Ashish Jha\ashish-jha-github\ConversationAI\venv\Lib\site-packages\django\contrib\auth\models.py", line 163, in _create_user
    user.save(using=self._db)
  File "C:\Ashish Jha\ashish-jha-github\ConversationAI\venv\Lib\site-packages\django\contrib\auth\base_user.py", line 62, in save
    super().save(**kwargs)
  File "C:\Ashish Jha\ashish-jha-github\ConversationAI\venv\Lib\site-packages\django\db\models\base.py", line 874, in save
    self.save_base(
  File "C:\Ashish Jha\ashish-jha-github\ConversationAI\venv\Lib\site-packages\django\db\models\base.py", line 966, in save_base
    updated = self._save_table(
              ^^^^^^^^^^^^^^^^^
  File "C:\Ashish Jha\ashish-jha-github\ConversationAI\venv\Lib\site-packages\django\db\models\base.py", line 1169, in _save_table
    results = self._do_insert(
              ^^^^^^^^^^^^^^^^
  File "C:\Ashish Jha\ashish-jha-github\ConversationAI\venv\Lib\site-packages\django\db\models\base.py", line 1220, in _do_insert
    return manager._insert(
           ^^^^^^^^^^^^^^^^
  File "C:\Ashish Jha\ashish-jha-github\ConversationAI\venv\Lib\site-packages\django\db\models\manager.py", line 87, in manager_method
    return getattr(self.get_queryset(), name)(*args, **kwargs)
           ^^^^^^^^^^^^^^^^^^^^^^^^^^^^^^^^^^^^^^^^^^^^^^^^^^^
  File "C:\Ashish Jha\ashish-jha-github\ConversationAI\venv\Lib\site-packages\django\db\models\query.py", line 1918, in _insert
    return query.get_compiler(using=using).execute_sql(returning_fields)
           ^^^^^^^^^^^^^^^^^^^^^^^^^^^^^^^^^^^^^^^^^^^^^^^^^^^^^^^^^^^^^
  File "C:\Ashish Jha\ashish-jha-github\ConversationAI\venv\Lib\site-packages\django\db\models\sql\compiler.py", line 1925, in execute_sql
    cursor.execute(sql, params)
  File "C:\Ashish Jha\ashish-jha-github\ConversationAI\venv\Lib\site-packages\django\db\backends\utils.py", line 122, in execute
    return super().execute(sql, params)
           ^^^^^^^^^^^^^^^^^^^^^^^^^^^^
  File "C:\Ashish Jha\ashish-jha-github\ConversationAI\venv\Lib\site-packages\django\db\backends\utils.py", line 79, in execute
    return self._execute_with_wrappers(
           ^^^^^^^^^^^^^^^^^^^^^^^^^^^^
  File "C:\Ashish Jha\ashish-jha-github\ConversationAI\venv\Lib\site-packages\django\db\backends\utils.py", line 92, in _execute_with_wrappers
    return executor(sql, params, many, context)
           ^^^^^^^^^^^^^^^^^^^^^^^^^^^^^^^^^^^^
  File "C:\Ashish Jha\ashish-jha-github\ConversationAI\venv\Lib\site-packages\django\db\backends\utils.py", line 100, in _execute
    with self.db.wrap_database_errors:
  File "C:\Ashish Jha\ashish-jha-github\ConversationAI\venv\Lib\site-packages\django\db\utils.py", line 94, in __exit__
    raise dj_exc_value.with_traceback(traceback) from exc_value
  File "C:\Ashish Jha\ashish-jha-github\ConversationAI\venv\Lib\site-packages\django\db\backends\utils.py", line 105, in _execute
    return self.cursor.execute(sql, params)
           ^^^^^^^^^^^^^^^^^^^^^^^^^^^^^^^^
  File "C:\Ashish Jha\ashish-jha-github\ConversationAI\venv\Lib\site-packages\django\db\backends\sqlite3\base.py", line 359, in execute
    return super().execute(query, params)
           ^^^^^^^^^^^^^^^^^^^^^^^^^^^^^^
django.db.utils.IntegrityError: UNIQUE constraint failed: users_user.username
ERROR 2026-05-26 22:54:53,666 log 7292 2716 "POST /api/users/auth/register/ HTTP/1.1" 500 215063
ERROR 2026-05-26 22:55:13,546 log 7292 2716 Internal Server Error: /api/users/auth/register/
Traceback (most recent call last):
  File "C:\Ashish Jha\ashish-jha-github\ConversationAI\venv\Lib\site-packages\django\db\backends\utils.py", line 105, in _execute
    return self.cursor.execute(sql, params)
           ^^^^^^^^^^^^^^^^^^^^^^^^^^^^^^^^
  File "C:\Ashish Jha\ashish-jha-github\ConversationAI\venv\Lib\site-packages\django\db\backends\sqlite3\base.py", line 359, in execute
    return super().execute(query, params)
           ^^^^^^^^^^^^^^^^^^^^^^^^^^^^^^
sqlite3.IntegrityError: UNIQUE constraint failed: user_profile.user_id

The above exception was the direct cause of the following exception:

Traceback (most recent call last):
  File "C:\Ashish Jha\ashish-jha-github\ConversationAI\venv\Lib\site-packages\django\core\handlers\exception.py", line 55, in inner
    response = get_response(request)
               ^^^^^^^^^^^^^^^^^^^^^
  File "C:\Ashish Jha\ashish-jha-github\ConversationAI\venv\Lib\site-packages\django\core\handlers\base.py", line 198, in _get_response
    response = wrapped_callback(request, *callback_args, **callback_kwargs)
               ^^^^^^^^^^^^^^^^^^^^^^^^^^^^^^^^^^^^^^^^^^^^^^^^^^^^^^^^^^^^
  File "C:\Ashish Jha\ashish-jha-github\ConversationAI\venv\Lib\site-packages\django\views\decorators\csrf.py", line 65, in _view_wrapper
    return view_func(request, *args, **kwargs)
           ^^^^^^^^^^^^^^^^^^^^^^^^^^^^^^^^^^^
  File "C:\Ashish Jha\ashish-jha-github\ConversationAI\venv\Lib\site-packages\rest_framework\viewsets.py", line 125, in view
    return self.dispatch(request, *args, **kwargs)
           ^^^^^^^^^^^^^^^^^^^^^^^^^^^^^^^^^^^^^^^
  File "C:\Ashish Jha\ashish-jha-github\ConversationAI\venv\Lib\site-packages\rest_framework\views.py", line 509, in dispatch
    response = self.handle_exception(exc)
               ^^^^^^^^^^^^^^^^^^^^^^^^^^
  File "C:\Ashish Jha\ashish-jha-github\ConversationAI\venv\Lib\site-packages\rest_framework\views.py", line 469, in handle_exception
    self.raise_uncaught_exception(exc)
  File "C:\Ashish Jha\ashish-jha-github\ConversationAI\venv\Lib\site-packages\rest_framework\views.py", line 480, in raise_uncaught_exception
    raise exc
  File "C:\Ashish Jha\ashish-jha-github\ConversationAI\venv\Lib\site-packages\rest_framework\views.py", line 506, in dispatch
    response = handler(request, *args, **kwargs)
               ^^^^^^^^^^^^^^^^^^^^^^^^^^^^^^^^^
  File "C:\Ashish Jha\ashish-jha-github\ConversationAI\AIAssistance\apps\users\views.py", line 24, in register
    user = serializer.save()
           ^^^^^^^^^^^^^^^^^
  File "C:\Ashish Jha\ashish-jha-github\ConversationAI\venv\Lib\site-packages\rest_framework\serializers.py", line 212, in save
    self.instance = self.create(validated_data)
                    ^^^^^^^^^^^^^^^^^^^^^^^^^^^
  File "C:\Ashish Jha\ashish-jha-github\ConversationAI\AIAssistance\apps\users\serializers.py", line 43, in create
    UserProfile.objects.create(user=user)
  File "C:\Ashish Jha\ashish-jha-github\ConversationAI\venv\Lib\site-packages\django\db\models\manager.py", line 87, in manager_method
    return getattr(self.get_queryset(), name)(*args, **kwargs)
           ^^^^^^^^^^^^^^^^^^^^^^^^^^^^^^^^^^^^^^^^^^^^^^^^^^^
  File "C:\Ashish Jha\ashish-jha-github\ConversationAI\venv\Lib\site-packages\django\db\models\query.py", line 669, in create
    obj.save(force_insert=True, using=self.db)
  File "C:\Ashish Jha\ashish-jha-github\ConversationAI\venv\Lib\site-packages\django\db\models\base.py", line 874, in save
    self.save_base(
  File "C:\Ashish Jha\ashish-jha-github\ConversationAI\venv\Lib\site-packages\django\db\models\base.py", line 966, in save_base
    updated = self._save_table(
              ^^^^^^^^^^^^^^^^^
  File "C:\Ashish Jha\ashish-jha-github\ConversationAI\venv\Lib\site-packages\django\db\models\base.py", line 1169, in _save_table
    results = self._do_insert(
              ^^^^^^^^^^^^^^^^
  File "C:\Ashish Jha\ashish-jha-github\ConversationAI\venv\Lib\site-packages\django\db\models\base.py", line 1220, in _do_insert
    return manager._insert(
           ^^^^^^^^^^^^^^^^
  File "C:\Ashish Jha\ashish-jha-github\ConversationAI\venv\Lib\site-packages\django\db\models\manager.py", line 87, in manager_method
    return getattr(self.get_queryset(), name)(*args, **kwargs)
           ^^^^^^^^^^^^^^^^^^^^^^^^^^^^^^^^^^^^^^^^^^^^^^^^^^^
  File "C:\Ashish Jha\ashish-jha-github\ConversationAI\venv\Lib\site-packages\django\db\models\query.py", line 1918, in _insert
    return query.get_compiler(using=using).execute_sql(returning_fields)
           ^^^^^^^^^^^^^^^^^^^^^^^^^^^^^^^^^^^^^^^^^^^^^^^^^^^^^^^^^^^^^
  File "C:\Ashish Jha\ashish-jha-github\ConversationAI\venv\Lib\site-packages\django\db\models\sql\compiler.py", line 1925, in execute_sql
    cursor.execute(sql, params)
  File "C:\Ashish Jha\ashish-jha-github\ConversationAI\venv\Lib\site-packages\django\db\backends\utils.py", line 122, in execute
    return super().execute(sql, params)
           ^^^^^^^^^^^^^^^^^^^^^^^^^^^^
  File "C:\Ashish Jha\ashish-jha-github\ConversationAI\venv\Lib\site-packages\django\db\backends\utils.py", line 79, in execute
    return self._execute_with_wrappers(
           ^^^^^^^^^^^^^^^^^^^^^^^^^^^^
  File "C:\Ashish Jha\ashish-jha-github\ConversationAI\venv\Lib\site-packages\django\db\backends\utils.py", line 92, in _execute_with_wrappers
    return executor(sql, params, many, context)
           ^^^^^^^^^^^^^^^^^^^^^^^^^^^^^^^^^^^^
  File "C:\Ashish Jha\ashish-jha-github\ConversationAI\venv\Lib\site-packages\django\db\backends\utils.py", line 100, in _execute
    with self.db.wrap_database_errors:
  File "C:\Ashish Jha\ashish-jha-github\ConversationAI\venv\Lib\site-packages\django\db\utils.py", line 94, in __exit__
    raise dj_exc_value.with_traceback(traceback) from exc_value
  File "C:\Ashish Jha\ashish-jha-github\ConversationAI\venv\Lib\site-packages\django\db\backends\utils.py", line 105, in _execute
    return self.cursor.execute(sql, params)
           ^^^^^^^^^^^^^^^^^^^^^^^^^^^^^^^^
  File "C:\Ashish Jha\ashish-jha-github\ConversationAI\venv\Lib\site-packages\django\db\backends\sqlite3\base.py", line 359, in execute
    return super().execute(query, params)
           ^^^^^^^^^^^^^^^^^^^^^^^^^^^^^^
django.db.utils.IntegrityError: UNIQUE constraint failed: user_profile.user_id
ERROR 2026-05-26 22:55:13,546 log 7292 2716 "POST /api/users/auth/register/ HTTP/1.1" 500 204294
INFO 2026-05-26 23:00:33,903 log 7292 22352 "POST /admin/login/?next=/admin/ HTTP/1.1" 200 4261
INFO 2026-05-26 23:09:02,855 log 7292 6712 "POST /admin/login/?next=/admin/ HTTP/1.1" 302 0
INFO 2026-05-26 23:09:02,890 log 7292 6712 "GET /admin/ HTTP/1.1" 200 15602
INFO 2026-05-26 23:09:02,920 log 7292 6712 "GET /static/admin/css/dashboard.css HTTP/1.1" 200 441
INFO 2026-05-26 23:09:02,937 log 7292 18572 "GET /static/admin/img/icon-changelink.svg HTTP/1.1" 200 978
INFO 2026-05-26 23:09:02,937 log 7292 6712 "GET /static/admin/img/icon-addlink.svg HTTP/1.1" 200 593
INFO 2026-05-26 23:09:40,282 log 7292 6712 "GET /admin/users/user/add/ HTTP/1.1" 200 19484
INFO 2026-05-26 23:09:40,324 log 7292 6712 "GET /static/admin/css/forms.css HTTP/1.1" 200 8831
INFO 2026-05-26 23:09:40,337 log 7292 13140 "GET /static/admin/js/jquery.init.js HTTP/1.1" 200 347
INFO 2026-05-26 23:09:40,340 log 7292 6712 "GET /static/admin/css/unusable_password_field.css HTTP/1.1" 200 663
INFO 2026-05-26 23:09:40,349 log 7292 21840 "GET /static/admin/js/core.js HTTP/1.1" 200 6208
INFO 2026-05-26 23:09:40,351 log 7292 13140 "GET /static/admin/css/widgets.css HTTP/1.1" 200 11811
INFO 2026-05-26 23:09:40,359 log 7292 19104 "GET /static/admin/js/admin/RelatedObjectLookups.js HTTP/1.1" 200 9777
INFO 2026-05-26 23:09:40,362 log 7292 18572 "GET /admin/jsi18n/ HTTP/1.1" 200 3342
INFO 2026-05-26 23:09:40,381 log 7292 21840 "GET /static/admin/js/urlify.js HTTP/1.1" 200 7887
INFO 2026-05-26 23:09:40,381 log 7292 13140 "GET /static/admin/js/prepopulate.js HTTP/1.1" 200 1531
INFO 2026-05-26 23:09:40,390 log 7292 18572 "GET /static/admin/js/prepopulate_init.js HTTP/1.1" 200 586
INFO 2026-05-26 23:09:40,391 log 7292 6712 "GET /static/admin/js/actions.js HTTP/1.1" 200 8076
INFO 2026-05-26 23:09:40,406 log 7292 12452 "GET /static/admin/js/vendor/jquery/jquery.js HTTP/1.1" 200 285314
INFO 2026-05-26 23:09:40,428 log 7292 12452 "GET /static/admin/js/change_form.js HTTP/1.1" 200 606
INFO 2026-05-26 23:09:40,487 log 7292 19104 "GET /static/admin/js/vendor/xregexp/xregexp.js HTTP/1.1" 200 325171
INFO 2026-05-26 23:10:06,278 log 7292 19104 "GET /admin/users/userprofile/add/ HTTP/1.1" 200 19461
INFO 2026-05-26 23:10:06,300 log 7292 12452 "GET /admin/jsi18n/ HTTP/1.1" 200 3342
INFO 2026-05-26 23:10:06,310 log 7292 19104 "GET /static/admin/img/icon-viewlink.svg HTTP/1.1" 200 928
INFO 2026-05-26 23:10:16,860 log 7292 19104 "GET /admin/projects/userproject/add/ HTTP/1.1" 200 19901
INFO 2026-05-26 23:10:16,887 log 7292 19104 "GET /admin/jsi18n/ HTTP/1.1" 200 3342
INFO 2026-05-26 23:10:54,322 log 7292 19104 "GET /admin/conversations/conversation/add/ HTTP/1.1" 200 22605
INFO 2026-05-26 23:10:54,348 log 7292 19104 "GET /admin/jsi18n/ HTTP/1.1" 200 3342
INFO 2026-05-26 23:10:57,066 log 7292 19104 "GET /admin/conversations/message/add/ HTTP/1.1" 200 20555
INFO 2026-05-26 23:10:57,086 log 7292 19104 "GET /admin/jsi18n/ HTTP/1.1" 200 3342
INFO 2026-05-26 23:10:58,655 log 7292 19104 "GET /admin/conversations/responseapproval/add/ HTTP/1.1" 200 24158
INFO 2026-05-26 23:10:58,685 log 7292 19104 "GET /admin/jsi18n/ HTTP/1.1" 200 3342
INFO 2026-05-26 23:10:58,706 log 7292 12452 "GET /static/admin/js/calendar.js HTTP/1.1" 200 9159
INFO 2026-05-26 23:10:58,707 log 7292 6712 "GET /static/admin/js/admin/DateTimeShortcuts.js HTTP/1.1" 200 19698
INFO 2026-05-26 23:10:58,721 log 7292 6712 "GET /static/admin/img/icon-deletelink.svg HTTP/1.1" 200 689
INFO 2026-05-26 23:10:58,740 log 7292 6712 "GET /static/admin/img/icon-calendar.svg HTTP/1.1" 200 1112
INFO 2026-05-26 23:10:58,740 log 7292 12452 "GET /static/admin/img/icon-clock.svg HTTP/1.1" 200 805
INFO 2026-05-26 23:23:59,138 autoreload 7292 21880 C:\Ashish Jha\ashish-jha-github\ConversationAI\AIAssistance\emailPrepAI\settings.py changed, reloading.
INFO 2026-05-26 23:24:00,340 autoreload 19228 7960 Watching for file changes with StatReloader
INFO 2026-05-26 23:24:07,591 autoreload 19228 7960 C:\Ashish Jha\ashish-jha-github\ConversationAI\AIAssistance\emailPrepAI\urls.py changed, reloading.
INFO 2026-05-26 23:24:08,423 autoreload 2340 13892 Watching for file changes with StatReloader
INFO 2026-05-26 23:26:09,165 autoreload 2340 13892 C:\Ashish Jha\ashish-jha-github\ConversationAI\AIAssistance\apps\users\serializers.py changed, reloading.
INFO 2026-05-26 23:26:10,090 autoreload 22544 14836 Watching for file changes with StatReloader
INFO 2026-05-26 23:28:10,403 autoreload 19312 12752 Watching for file changes with StatReloader
INFO 2026-05-26 23:28:48,468 log 19312 5860 "GET / HTTP/1.1" 200 3921
INFO 2026-05-26 23:28:48,606 log 19312 5860 "GET /static/css/style.css HTTP/1.1" 200 11663
INFO 2026-05-26 23:28:48,607 log 19312 5860 "GET /static/js/api.js HTTP/1.1" 200 11538
WARNING 2026-05-26 23:28:49,001 log 19312 5860 Not Found: /favicon.ico
WARNING 2026-05-26 23:28:49,001 log 19312 5860 "GET /favicon.ico HTTP/1.1" 404 7790
ERROR 2026-05-26 23:29:16,441 log 19312 5860 Internal Server Error: /api/users/auth/login
Traceback (most recent call last):
  File "C:\Ashish Jha\ashish-jha-github\ConversationAI\venv\Lib\site-packages\django\core\handlers\exception.py", line 55, in inner
    response = get_response(request)
               ^^^^^^^^^^^^^^^^^^^^^
  File "C:\Ashish Jha\ashish-jha-github\ConversationAI\venv\Lib\site-packages\django\utils\deprecation.py", line 311, in __call__
    response = self.process_response(request, response)
               ^^^^^^^^^^^^^^^^^^^^^^^^^^^^^^^^^^^^^^^^
  File "C:\Ashish Jha\ashish-jha-github\ConversationAI\venv\Lib\site-packages\django\middleware\common.py", line 109, in process_response
    self.get_full_path_with_slash(request)
  File "C:\Ashish Jha\ashish-jha-github\ConversationAI\venv\Lib\site-packages\django\middleware\common.py", line 87, in get_full_path_with_slash
    raise RuntimeError(
RuntimeError: You called this URL via POST, but the URL doesn't end in a slash and you have APPEND_SLASH set. Django can't redirect to the slash URL while maintaining POST data. Change your form to point to localhost:8000/api/users/auth/login/ (note the trailing slash), or set APPEND_SLASH=False in your Django settings.
ERROR 2026-05-26 23:29:16,441 log 19312 5860 "POST /api/users/auth/login HTTP/1.1" 500 80107
ERROR 2026-05-26 23:29:34,492 log 19312 23448 Internal Server Error: /api/users/auth/login
Traceback (most recent call last):
  File "C:\Ashish Jha\ashish-jha-github\ConversationAI\venv\Lib\site-packages\django\core\handlers\exception.py", line 55, in inner
    response = get_response(request)
               ^^^^^^^^^^^^^^^^^^^^^
  File "C:\Ashish Jha\ashish-jha-github\ConversationAI\venv\Lib\site-packages\django\utils\deprecation.py", line 311, in __call__
    response = self.process_response(request, response)
               ^^^^^^^^^^^^^^^^^^^^^^^^^^^^^^^^^^^^^^^^
  File "C:\Ashish Jha\ashish-jha-github\ConversationAI\venv\Lib\site-packages\django\middleware\common.py", line 109, in process_response
    self.get_full_path_with_slash(request)
  File "C:\Ashish Jha\ashish-jha-github\ConversationAI\venv\Lib\site-packages\django\middleware\common.py", line 87, in get_full_path_with_slash
    raise RuntimeError(
RuntimeError: You called this URL via POST, but the URL doesn't end in a slash and you have APPEND_SLASH set. Django can't redirect to the slash URL while maintaining POST data. Change your form to point to localhost:8000/api/users/auth/login/ (note the trailing slash), or set APPEND_SLASH=False in your Django settings.
ERROR 2026-05-26 23:29:34,495 log 19312 23448 "POST /api/users/auth/login HTTP/1.1" 500 80107
ERROR 2026-05-26 23:30:22,156 log 19312 12684 Internal Server Error: /api/users/auth/login
Traceback (most recent call last):
  File "C:\Ashish Jha\ashish-jha-github\ConversationAI\venv\Lib\site-packages\django\core\handlers\exception.py", line 55, in inner
    response = get_response(request)
               ^^^^^^^^^^^^^^^^^^^^^
  File "C:\Ashish Jha\ashish-jha-github\ConversationAI\venv\Lib\site-packages\django\utils\deprecation.py", line 311, in __call__
    response = self.process_response(request, response)
               ^^^^^^^^^^^^^^^^^^^^^^^^^^^^^^^^^^^^^^^^
  File "C:\Ashish Jha\ashish-jha-github\ConversationAI\venv\Lib\site-packages\django\middleware\common.py", line 109, in process_response
    self.get_full_path_with_slash(request)
  File "C:\Ashish Jha\ashish-jha-github\ConversationAI\venv\Lib\site-packages\django\middleware\common.py", line 87, in get_full_path_with_slash
    raise RuntimeError(
RuntimeError: You called this URL via POST, but the URL doesn't end in a slash and you have APPEND_SLASH set. Django can't redirect to the slash URL while maintaining POST data. Change your form to point to localhost:8000/api/users/auth/login/ (note the trailing slash), or set APPEND_SLASH=False in your Django settings.
ERROR 2026-05-26 23:30:22,156 log 19312 12684 "POST /api/users/auth/login HTTP/1.1" 500 80107
INFO 2026-05-26 23:30:29,226 log 19312 7080 "GET /register/ HTTP/1.1" 200 5832
INFO 2026-05-26 23:30:29,248 log 19312 7080 "GET /static/css/style.css HTTP/1.1" 304 0
INFO 2026-05-26 23:30:29,250 log 19312 7080 "GET /static/js/api.js HTTP/1.1" 304 0
INFO 2026-05-26 23:30:38,134 log 19312 7080 "GET /login/ HTTP/1.1" 200 3921
ERROR 2026-05-26 23:30:58,686 log 19312 7080 Internal Server Error: /api/users/auth/login
Traceback (most recent call last):
  File "C:\Ashish Jha\ashish-jha-github\ConversationAI\venv\Lib\site-packages\django\core\handlers\exception.py", line 55, in inner
    response = get_response(request)
               ^^^^^^^^^^^^^^^^^^^^^
  File "C:\Ashish Jha\ashish-jha-github\ConversationAI\venv\Lib\site-packages\django\utils\deprecation.py", line 311, in __call__
    response = self.process_response(request, response)
               ^^^^^^^^^^^^^^^^^^^^^^^^^^^^^^^^^^^^^^^^
  File "C:\Ashish Jha\ashish-jha-github\ConversationAI\venv\Lib\site-packages\django\middleware\common.py", line 109, in process_response
    self.get_full_path_with_slash(request)
  File "C:\Ashish Jha\ashish-jha-github\ConversationAI\venv\Lib\site-packages\django\middleware\common.py", line 87, in get_full_path_with_slash
    raise RuntimeError(
RuntimeError: You called this URL via POST, but the URL doesn't end in a slash and you have APPEND_SLASH set. Django can't redirect to the slash URL while maintaining POST data. Change your form to point to localhost:8000/api/users/auth/login/ (note the trailing slash), or set APPEND_SLASH=False in your Django settings.
ERROR 2026-05-26 23:30:58,686 log 19312 7080 "POST /api/users/auth/login HTTP/1.1" 500 80113
INFO 2026-05-26 23:31:03,482 log 19312 4484 "GET /register/ HTTP/1.1" 200 5832
ERROR 2026-05-26 23:31:43,107 log 19312 4484 Internal Server Error: /api/users/auth/register
Traceback (most recent call last):
  File "C:\Ashish Jha\ashish-jha-github\ConversationAI\venv\Lib\site-packages\django\core\handlers\exception.py", line 55, in inner
    response = get_response(request)
               ^^^^^^^^^^^^^^^^^^^^^
  File "C:\Ashish Jha\ashish-jha-github\ConversationAI\venv\Lib\site-packages\django\utils\deprecation.py", line 311, in __call__
    response = self.process_response(request, response)
               ^^^^^^^^^^^^^^^^^^^^^^^^^^^^^^^^^^^^^^^^
  File "C:\Ashish Jha\ashish-jha-github\ConversationAI\venv\Lib\site-packages\django\middleware\common.py", line 109, in process_response
    self.get_full_path_with_slash(request)
  File "C:\Ashish Jha\ashish-jha-github\ConversationAI\venv\Lib\site-packages\django\middleware\common.py", line 87, in get_full_path_with_slash
    raise RuntimeError(
RuntimeError: You called this URL via POST, but the URL doesn't end in a slash and you have APPEND_SLASH set. Django can't redirect to the slash URL while maintaining POST data. Change your form to point to localhost:8000/api/users/auth/register/ (note the trailing slash), or set APPEND_SLASH=False in your Django settings.
ERROR 2026-05-26 23:31:43,113 log 19312 4484 "POST /api/users/auth/register HTTP/1.1" 500 80165
INFO 2026-05-26 23:31:55,564 log 19312 21684 "GET /login/ HTTP/1.1" 200 3921
ERROR 2026-05-26 23:43:16,241 log 19312 22964 Internal Server Error: /api/users/auth/login
Traceback (most recent call last):
  File "C:\Ashish Jha\ashish-jha-github\ConversationAI\venv\Lib\site-packages\django\core\handlers\exception.py", line 55, in inner
    response = get_response(request)
               ^^^^^^^^^^^^^^^^^^^^^
  File "C:\Ashish Jha\ashish-jha-github\ConversationAI\venv\Lib\site-packages\django\utils\deprecation.py", line 311, in __call__
    response = self.process_response(request, response)
               ^^^^^^^^^^^^^^^^^^^^^^^^^^^^^^^^^^^^^^^^
  File "C:\Ashish Jha\ashish-jha-github\ConversationAI\venv\Lib\site-packages\django\middleware\common.py", line 109, in process_response
    self.get_full_path_with_slash(request)
  File "C:\Ashish Jha\ashish-jha-github\ConversationAI\venv\Lib\site-packages\django\middleware\common.py", line 87, in get_full_path_with_slash
    raise RuntimeError(
RuntimeError: You called this URL via POST, but the URL doesn't end in a slash and you have APPEND_SLASH set. Django can't redirect to the slash URL while maintaining POST data. Change your form to point to localhost:8000/api/users/auth/login/ (note the trailing slash), or set APPEND_SLASH=False in your Django settings.
ERROR 2026-05-26 23:43:16,241 log 19312 22964 "POST /api/users/auth/login HTTP/1.1" 500 80113
INFO 2026-05-26 23:43:20,919 log 19312 21884 "GET /login/ HTTP/1.1" 200 3921
INFO 2026-05-26 23:43:20,952 log 19312 21884 "GET /static/css/style.css HTTP/1.1" 304 0
INFO 2026-05-26 23:43:21,006 log 19312 21884 "GET /static/js/api.js HTTP/1.1" 200 11543
INFO 2026-05-26 23:46:12,900 autoreload 14232 10044 Watching for file changes with StatReloader
